// Jest Snapshot v1, https://goo.gl/fbAQLP

exports[`Snapshot 1`] = `
{
  "Mappings": {
    "LatestNodeRuntimeMap": {
      "af-south-1": {
        "value": "nodejs20.x",
      },
      "ap-east-1": {
        "value": "nodejs20.x",
      },
      "ap-northeast-1": {
        "value": "nodejs20.x",
      },
      "ap-northeast-2": {
        "value": "nodejs20.x",
      },
      "ap-northeast-3": {
        "value": "nodejs20.x",
      },
      "ap-south-1": {
        "value": "nodejs20.x",
      },
      "ap-south-2": {
        "value": "nodejs20.x",
      },
      "ap-southeast-1": {
        "value": "nodejs20.x",
      },
      "ap-southeast-2": {
        "value": "nodejs20.x",
      },
      "ap-southeast-3": {
        "value": "nodejs20.x",
      },
      "ap-southeast-4": {
        "value": "nodejs20.x",
      },
      "ap-southeast-5": {
        "value": "nodejs20.x",
      },
      "ap-southeast-7": {
        "value": "nodejs20.x",
      },
      "ca-central-1": {
        "value": "nodejs20.x",
      },
      "ca-west-1": {
        "value": "nodejs20.x",
      },
      "cn-north-1": {
        "value": "nodejs20.x",
      },
      "cn-northwest-1": {
        "value": "nodejs20.x",
      },
      "eu-central-1": {
        "value": "nodejs20.x",
      },
      "eu-central-2": {
        "value": "nodejs20.x",
      },
      "eu-isoe-west-1": {
        "value": "nodejs18.x",
      },
      "eu-north-1": {
        "value": "nodejs20.x",
      },
      "eu-south-1": {
        "value": "nodejs20.x",
      },
      "eu-south-2": {
        "value": "nodejs20.x",
      },
      "eu-west-1": {
        "value": "nodejs20.x",
      },
      "eu-west-2": {
        "value": "nodejs20.x",
      },
      "eu-west-3": {
        "value": "nodejs20.x",
      },
      "il-central-1": {
        "value": "nodejs20.x",
      },
      "me-central-1": {
        "value": "nodejs20.x",
      },
      "me-south-1": {
        "value": "nodejs20.x",
      },
      "mx-central-1": {
        "value": "nodejs20.x",
      },
      "sa-east-1": {
        "value": "nodejs20.x",
      },
      "us-east-1": {
        "value": "nodejs20.x",
      },
      "us-east-2": {
        "value": "nodejs20.x",
      },
      "us-gov-east-1": {
        "value": "nodejs20.x",
      },
      "us-gov-west-1": {
        "value": "nodejs20.x",
      },
      "us-iso-east-1": {
        "value": "nodejs18.x",
      },
      "us-iso-west-1": {
        "value": "nodejs18.x",
      },
      "us-isob-east-1": {
        "value": "nodejs18.x",
      },
      "us-west-1": {
        "value": "nodejs20.x",
      },
      "us-west-2": {
        "value": "nodejs20.x",
      },
    },
  },
  "Outputs": {
    "HttpApiUrl": {
      "Description": "The URL of the HTTP API Gateway",
      "Value": {
        "Fn::GetAtt": [
          "TokenBridgeHttpApi73FB104A",
          "ApiEndpoint",
        ],
      },
    },
  },
  "Parameters": {
    "BootstrapVersion": {
      "Default": "/cdk-bootstrap/hnb659fds/version",
      "Description": "Version of the CDK Bootstrap resources in this environment, automatically retrieved from SSM Parameter Store. [cdk:skip]",
      "Type": "AWS::SSM::Parameter::Value<String>",
    },
  },
  "Resources": {
    "ExchangeLambdaADD3E5A3": {
      "DependsOn": [
        "ExchangeLambdaServiceRoleDefaultPolicy53F8F884",
        "ExchangeLambdaServiceRoleA65A5C95",
      ],
      "Properties": {
        "Code": {
          "S3Bucket": {
            "Fn::Sub": "cdk-hnb659fds-assets-\${AWS::AccountId}-\${AWS::Region}",
          },
          "S3Key": "32a9ab9430c81f4114719af2c39055ab42bcb269c97928d09eda63b8835b144d.zip",
        },
        "Environment": {
          "Variables": {
            "KMS_KEY_ID": {
              "Ref": "RSA256Key758266B8",
            },
          },
        },
        "Handler": "bootstrap",
        "Role": {
          "Fn::GetAtt": [
            "ExchangeLambdaServiceRoleA65A5C95",
            "Arn",
          ],
        },
        "Runtime": "provided.al2",
      },
      "Type": "AWS::Lambda::Function",
    },
    "ExchangeLambdaLogRetentionBB1445FF": {
      "Properties": {
        "LogGroupName": {
          "Fn::Join": [
            "",
            [
              "/aws/lambda/",
              {
                "Ref": "ExchangeLambdaADD3E5A3",
              },
            ],
          ],
        },
        "RetentionInDays": 7,
        "ServiceToken": {
          "Fn::GetAtt": [
            "LogRetentionaae0aa3c5b4d4f87b02d85b201efdd8aFD4BFC8A",
            "Arn",
          ],
        },
      },
      "Type": "Custom::LogRetention",
    },
    "ExchangeLambdaServiceRoleA65A5C95": {
      "Properties": {
        "AssumeRolePolicyDocument": {
          "Statement": [
            {
              "Action": "sts:AssumeRole",
              "Effect": "Allow",
              "Principal": {
                "Service": "lambda.amazonaws.com",
              },
            },
          ],
          "Version": "2012-10-17",
        },
        "ManagedPolicyArns": [
          {
            "Fn::Join": [
              "",
              [
                "arn:",
                {
                  "Ref": "AWS::Partition",
                },
                ":iam::aws:policy/service-role/AWSLambdaBasicExecutionRole",
              ],
            ],
          },
        ],
      },
      "Type": "AWS::IAM::Role",
    },
    "ExchangeLambdaServiceRoleDefaultPolicy53F8F884": {
      "Properties": {
        "PolicyDocument": {
          "Statement": [
            {
              "Action": "kms:Sign",
              "Effect": "Allow",
              "Resource": {
                "Fn::GetAtt": [
                  "RSA256Key758266B8",
                  "Arn",
                ],
              },
            },
          ],
          "Version": "2012-10-17",
        },
        "PolicyName": "ExchangeLambdaServiceRoleDefaultPolicy53F8F884",
        "Roles": [
          {
            "Ref": "ExchangeLambdaServiceRoleA65A5C95",
          },
        ],
      },
      "Type": "AWS::IAM::Policy",
    },
    "JwksLambda9C09D83F": {
      "DependsOn": [
        "JwksLambdaServiceRoleDefaultPolicy98B58004",
        "JwksLambdaServiceRoleBD8AF883",
      ],
      "Properties": {
        "Code": {
          "S3Bucket": {
            "Fn::Sub": "cdk-hnb659fds-assets-\${AWS::AccountId}-\${AWS::Region}",
          },
          "S3Key": "3572c39613994f1262e299ff8f4a2d21433ff985a39dcdd68db8cd8820bcba8d.zip",
        },
        "Environment": {
          "Variables": {
            "KMS_KEY_ID": {
              "Ref": "RSA256Key758266B8",
            },
          },
        },
        "Handler": "bootstrap",
        "Role": {
          "Fn::GetAtt": [
            "JwksLambdaServiceRoleBD8AF883",
            "Arn",
          ],
        },
        "Runtime": "provided.al2",
      },
      "Type": "AWS::Lambda::Function",
    },
    "JwksLambdaLogRetentionE4F95C64": {
      "Properties": {
        "LogGroupName": {
          "Fn::Join": [
            "",
            [
              "/aws/lambda/",
              {
                "Ref": "JwksLambda9C09D83F",
              },
            ],
          ],
        },
        "RetentionInDays": 7,
        "ServiceToken": {
          "Fn::GetAtt": [
            "LogRetentionaae0aa3c5b4d4f87b02d85b201efdd8aFD4BFC8A",
            "Arn",
          ],
        },
      },
      "Type": "Custom::LogRetention",
    },
    "JwksLambdaServiceRoleBD8AF883": {
      "Properties": {
        "AssumeRolePolicyDocument": {
          "Statement": [
            {
              "Action": "sts:AssumeRole",
              "Effect": "Allow",
              "Principal": {
                "Service": "lambda.amazonaws.com",
              },
            },
          ],
          "Version": "2012-10-17",
        },
        "ManagedPolicyArns": [
          {
            "Fn::Join": [
              "",
              [
                "arn:",
                {
                  "Ref": "AWS::Partition",
                },
                ":iam::aws:policy/service-role/AWSLambdaBasicExecutionRole",
              ],
            ],
          },
        ],
      },
      "Type": "AWS::IAM::Role",
    },
    "JwksLambdaServiceRoleDefaultPolicy98B58004": {
      "Properties": {
        "PolicyDocument": {
          "Statement": [
            {
              "Action": "kms:GetPublicKey",
              "Effect": "Allow",
              "Resource": {
                "Fn::GetAtt": [
                  "RSA256Key758266B8",
                  "Arn",
                ],
              },
            },
          ],
          "Version": "2012-10-17",
        },
        "PolicyName": "JwksLambdaServiceRoleDefaultPolicy98B58004",
        "Roles": [
          {
            "Ref": "JwksLambdaServiceRoleBD8AF883",
          },
        ],
      },
      "Type": "AWS::IAM::Policy",
    },
    "LogRetentionaae0aa3c5b4d4f87b02d85b201efdd8aFD4BFC8A": {
      "DependsOn": [
        "LogRetentionaae0aa3c5b4d4f87b02d85b201efdd8aServiceRoleDefaultPolicyADDA7DEB",
        "LogRetentionaae0aa3c5b4d4f87b02d85b201efdd8aServiceRole9741ECFB",
      ],
      "Properties": {
        "Code": {
          "S3Bucket": {
            "Fn::Sub": "cdk-hnb659fds-assets-\${AWS::AccountId}-\${AWS::Region}",
          },
          "S3Key": "2819175352ad1ce0dae768e83fc328fb70fb5f10b4a8ff0ccbcb791f02b0716d.zip",
        },
        "Handler": "index.handler",
        "Role": {
          "Fn::GetAtt": [
            "LogRetentionaae0aa3c5b4d4f87b02d85b201efdd8aServiceRole9741ECFB",
            "Arn",
          ],
        },
        "Runtime": {
          "Fn::FindInMap": [
            "LatestNodeRuntimeMap",
            {
              "Ref": "AWS::Region",
            },
            "value",
          ],
        },
        "Timeout": 900,
      },
      "Type": "AWS::Lambda::Function",
    },
    "LogRetentionaae0aa3c5b4d4f87b02d85b201efdd8aServiceRole9741ECFB": {
      "Properties": {
        "AssumeRolePolicyDocument": {
          "Statement": [
            {
              "Action": "sts:AssumeRole",
              "Effect": "Allow",
              "Principal": {
                "Service": "lambda.amazonaws.com",
              },
            },
          ],
          "Version": "2012-10-17",
        },
        "ManagedPolicyArns": [
          {
            "Fn::Join": [
              "",
              [
                "arn:",
                {
                  "Ref": "AWS::Partition",
                },
                ":iam::aws:policy/service-role/AWSLambdaBasicExecutionRole",
              ],
            ],
          },
        ],
      },
      "Type": "AWS::IAM::Role",
    },
    "LogRetentionaae0aa3c5b4d4f87b02d85b201efdd8aServiceRoleDefaultPolicyADDA7DEB": {
      "Properties": {
        "PolicyDocument": {
          "Statement": [
            {
              "Action": [
                "logs:PutRetentionPolicy",
                "logs:DeleteRetentionPolicy",
              ],
              "Effect": "Allow",
              "Resource": "*",
            },
          ],
          "Version": "2012-10-17",
        },
        "PolicyName": "LogRetentionaae0aa3c5b4d4f87b02d85b201efdd8aServiceRoleDefaultPolicyADDA7DEB",
        "Roles": [
          {
            "Ref": "LogRetentionaae0aa3c5b4d4f87b02d85b201efdd8aServiceRole9741ECFB",
          },
        ],
      },
      "Type": "AWS::IAM::Policy",
    },
    "RSA256Key758266B8": {
      "DeletionPolicy": "Delete",
      "Properties": {
        "Description": "Asymmetric RSA256 key for signing access tokens",
        "KeyPolicy": {
          "Statement": [
            {
              "Action": "kms:*",
              "Effect": "Allow",
              "Principal": {
                "AWS": {
                  "Fn::Join": [
                    "",
                    [
                      "arn:",
                      {
                        "Ref": "AWS::Partition",
                      },
                      ":iam::",
                      {
                        "Ref": "AWS::AccountId",
                      },
                      ":root",
                    ],
                  ],
                },
              },
              "Resource": "*",
            },
          ],
          "Version": "2012-10-17",
        },
        "KeySpec": "RSA_2048",
        "KeyUsage": "SIGN_VERIFY",
      },
      "Type": "AWS::KMS::Key",
      "UpdateReplacePolicy": "Delete",
    },
    "TokenBridgeHttpApi73FB104A": {
      "Properties": {
        "Description": "This is an HTTP API for token bridge",
        "Name": "TokenBridgeHttpApi",
        "ProtocolType": "HTTP",
      },
      "Type": "AWS::ApiGatewayV2::Api",
    },
    "TokenBridgeHttpApiDefaultStage40513BFD": {
      "Properties": {
        "ApiId": {
          "Ref": "TokenBridgeHttpApi73FB104A",
        },
        "AutoDeploy": true,
        "StageName": "$default",
      },
      "Type": "AWS::ApiGatewayV2::Stage",
    },
    "TokenBridgeHttpApiGETwellknownjwksjson03BC94B1": {
      "Properties": {
        "ApiId": {
          "Ref": "TokenBridgeHttpApi73FB104A",
        },
        "AuthorizationType": "NONE",
        "RouteKey": "GET /.well-known/jwks.json",
        "Target": {
          "Fn::Join": [
            "",
            [
              "integrations/",
              {
                "Ref": "TokenBridgeHttpApiGETwellknownjwksjsonJwksIntegrationD5411501",
              },
            ],
          ],
        },
      },
      "Type": "AWS::ApiGatewayV2::Route",
    },
    "TokenBridgeHttpApiGETwellknownjwksjsonJwksIntegrationD5411501": {
      "Properties": {
        "ApiId": {
          "Ref": "TokenBridgeHttpApi73FB104A",
        },
        "IntegrationType": "AWS_PROXY",
        "IntegrationUri": {
          "Fn::GetAtt": [
            "JwksLambda9C09D83F",
            "Arn",
          ],
        },
        "PayloadFormatVersion": "2.0",
      },
      "Type": "AWS::ApiGatewayV2::Integration",
    },
    "TokenBridgeHttpApiGETwellknownjwksjsonJwksIntegrationPermission6BBDDD6A": {
      "Properties": {
        "Action": "lambda:InvokeFunction",
        "FunctionName": {
          "Fn::GetAtt": [
            "JwksLambda9C09D83F",
            "Arn",
          ],
        },
        "Principal": "apigateway.amazonaws.com",
        "SourceArn": {
          "Fn::Join": [
            "",
            [
              "arn:",
              {
                "Ref": "AWS::Partition",
              },
              ":execute-api:",
              {
                "Ref": "AWS::Region",
              },
              ":",
              {
                "Ref": "AWS::AccountId",
              },
              ":",
              {
                "Ref": "TokenBridgeHttpApi73FB104A",
              },
              "/*/*/.well-known/jwks.json",
            ],
          ],
        },
      },
      "Type": "AWS::Lambda::Permission",
    },
    "TokenBridgeHttpApiPOSTexchange9C94401A": {
      "Properties": {
        "ApiId": {
          "Ref": "TokenBridgeHttpApi73FB104A",
        },
        "AuthorizationType": "NONE",
        "RouteKey": "POST /exchange",
        "Target": {
          "Fn::Join": [
            "",
            [
              "integrations/",
              {
                "Ref": "TokenBridgeHttpApiPOSTexchangeExchangeIntegration511B9E06",
              },
            ],
          ],
        },
      },
      "Type": "AWS::ApiGatewayV2::Route",
    },
    "TokenBridgeHttpApiPOSTexchangeExchangeIntegration511B9E06": {
      "Properties": {
        "ApiId": {
          "Ref": "TokenBridgeHttpApi73FB104A",
        },
        "IntegrationType": "AWS_PROXY",
        "IntegrationUri": {
          "Fn::GetAtt": [
            "ExchangeLambdaADD3E5A3",
            "Arn",
          ],
        },
        "PayloadFormatVersion": "2.0",
      },
      "Type": "AWS::ApiGatewayV2::Integration",
    },
    "TokenBridgeHttpApiPOSTexchangeExchangeIntegrationPermission5EA95DDD": {
      "Properties": {
        "Action": "lambda:InvokeFunction",
        "FunctionName": {
          "Fn::GetAtt": [
            "ExchangeLambdaADD3E5A3",
            "Arn",
          ],
        },
        "Principal": "apigateway.amazonaws.com",
        "SourceArn": {
          "Fn::Join": [
            "",
            [
              "arn:",
              {
                "Ref": "AWS::Partition",
              },
              ":execute-api:",
              {
                "Ref": "AWS::Region",
              },
              ":",
              {
                "Ref": "AWS::AccountId",
              },
              ":",
              {
                "Ref": "TokenBridgeHttpApi73FB104A",
              },
              "/*/*/exchange",
            ],
          ],
        },
      },
      "Type": "AWS::Lambda::Permission",
    },
    "TokenBridgeHttpApidefault8491FD4D": {
      "Properties": {
        "ApiId": {
          "Ref": "TokenBridgeHttpApi73FB104A",
        },
        "AutoDeploy": true,
        "DefaultRouteSettings": {
          "ThrottlingBurstLimit": 100,
          "ThrottlingRateLimit": 50,
        },
        "StageName": "default",
      },
      "Type": "AWS::ApiGatewayV2::Stage",
    },
  },
  "Rules": {
    "CheckBootstrapVersion": {
      "Assertions": [
        {
          "Assert": {
            "Fn::Not": [
              {
                "Fn::Contains": [
                  [
                    "1",
                    "2",
                    "3",
                    "4",
                    "5",
                  ],
                  {
                    "Ref": "BootstrapVersion",
                  },
                ],
              },
            ],
          },
          "AssertDescription": "CDK bootstrap stack version 6 required. Please run 'cdk bootstrap' with a recent version of the CDK CLI.",
        },
      ],
    },
  },
}
`;
